\BOOKMARK [1][-]{section.1}{\376\377\000I\000n\000t\000r\000o\000d\000u\000c\000t\000i\000o\000n}{}% 1
\BOOKMARK [1][-]{section.2}{\376\377\000B\000a\000c\000k\000g\000r\000o\000u\000n\000d}{}% 2
\BOOKMARK [2][-]{subsection.2.1}{\376\377\000\040\000S\000u\000b\000t\000a\000s\000k\000\040\000A}{section.2}% 3
\BOOKMARK [2][-]{subsection.2.2}{\376\377\000\040\000S\000u\000b\000t\000a\000s\000k\000\040\000B\000\040\000a\000n\000d\000\040\000C}{section.2}% 4
\BOOKMARK [1][-]{section.3}{\376\377\000S\000y\000s\000t\000e\000m\000\040\000o\000v\000e\000r\000v\000i\000e\000w}{}% 5
\BOOKMARK [2][-]{subsection.3.1}{\376\377\000D\000a\000t\000a\000s\000e\000t}{section.3}% 6
\BOOKMARK [3][-]{subsubsection.3.1.1}{\376\377\000\040\000S\000u\000b\000t\000a\000s\000k\000\040\000A}{subsection.3.1}% 7
\BOOKMARK [3][-]{subsubsection.3.1.2}{\376\377\000\040\000S\000u\000b\000t\000a\000s\000k\000\040\000B}{subsection.3.1}% 8
\BOOKMARK [3][-]{subsubsection.3.1.3}{\376\377\000\040\000S\000u\000b\000t\000a\000s\000k\000\040\000C}{subsection.3.1}% 9
\BOOKMARK [2][-]{subsection.3.2}{\376\377\000A\000r\000c\000h\000i\000t\000e\000c\000t\000u\000r\000e}{section.3}% 10
\BOOKMARK [3][-]{subsubsection.3.2.1}{\376\377\000S\000u\000b\000t\000a\000s\000k\000\040\000A}{subsection.3.2}% 11
\BOOKMARK [3][-]{subsubsection.3.2.2}{\376\377\000\040\000S\000u\000b\000t\000a\000s\000k\000\040\000B}{subsection.3.2}% 12
\BOOKMARK [3][-]{subsubsection.3.2.3}{\376\377\000\040\000S\000u\000b\000t\000a\000s\000k\000\040\000C}{subsection.3.2}% 13
\BOOKMARK [2][-]{subsection.3.3}{\376\377\000M\000e\000t\000h\000o\000d\000o\000l\000o\000g\000y}{section.3}% 14
\BOOKMARK [3][-]{subsubsection.3.3.1}{\376\377\000\040\000S\000u\000b\000t\000a\000s\000k\000\040\000A}{subsection.3.3}% 15
\BOOKMARK [3][-]{subsubsection.3.3.2}{\376\377\000\040\000S\000u\000b\000t\000a\000s\000k\000\040\000B}{subsection.3.3}% 16
\BOOKMARK [3][-]{subsubsection.3.3.3}{\376\377\000\040\000S\000u\000b\000t\000a\000s\000k\000\040\000C}{subsection.3.3}% 17
\BOOKMARK [2][-]{subsection.3.4}{\376\377\000M\000o\000d\000e\000l\000\040\000S\000e\000l\000e\000c\000t\000i\000o\000n\000s}{section.3}% 18
\BOOKMARK [3][-]{subsubsection.3.4.1}{\376\377\000\040\000S\000u\000b\000t\000a\000s\000k\000\040\000A}{subsection.3.4}% 19
\BOOKMARK [3][-]{subsubsection.3.4.2}{\376\377\000\040\000S\000u\000b\000t\000a\000s\000k\000\040\000B\000\040\000a\000n\000d\000\040\000C}{subsection.3.4}% 20
\BOOKMARK [2][-]{subsection.3.5}{\376\377\000V\000a\000l\000i\000d\000a\000t\000i\000o\000n\000\040\000S\000t\000r\000a\000t\000e\000g\000y}{section.3}% 21
\BOOKMARK [1][-]{section.4}{\376\377\000E\000x\000p\000e\000r\000i\000m\000e\000n\000t\000a\000l\000\040\000r\000e\000s\000u\000l\000t\000s}{}% 22
\BOOKMARK [2][-]{subsection.4.1}{\376\377\000S\000u\000b\000t\000a\000s\000k\000\040\000A}{section.4}% 23
\BOOKMARK [2][-]{subsection.4.2}{\376\377\000S\000u\000b\000t\000a\000s\000k\000\040\000B}{section.4}% 24
\BOOKMARK [2][-]{subsection.4.3}{\376\377\000S\000u\000b\000t\000a\000s\000k\000\040\000C}{section.4}% 25
\BOOKMARK [1][-]{section.5}{\376\377\000C\000o\000n\000c\000l\000u\000s\000i\000o\000n}{}% 26
